2026-08-01 07:54:13 [background-preinit] INFO  o.h.validator.internal.util.Version - HV000001: Hibernate Validator 8.0.3.Final
2026-08-01 07:54:13 [main] INFO  c.b.b.BakendProyectoApplication - Starting BakendProyectoApplication using Java 21.0.11 with PID 15816 (C:\Users\joseb\Documents\ProyectosVSC\Restaurante-Full\bakendProyecto\target\classes started by joseb in C:\Users\joseb\Documents\ProyectosVSC\Restaurante-Full\bakendProyecto)
2026-08-01 07:54:13 [main] DEBUG c.b.b.BakendProyectoApplication - Running with Spring Boot v3.5.6, Spring v6.2.11
2026-08-01 07:54:13 [main] INFO  c.b.b.BakendProyectoApplication - No active profile set, falling back to 1 default profile: "default"
2026-08-01 07:54:15 [main] INFO  o.s.d.r.c.RepositoryConfigurationDelegate - Bootstrapping Spring Data JPA repositories in DEFAULT mode.
2026-08-01 07:54:16 [main] INFO  o.s.d.r.c.RepositoryConfigurationDelegate - Finished Spring Data repository scanning in 235 ms. Found 7 JPA repository interfaces.
2026-08-01 07:54:17 [main] INFO  o.s.b.w.e.tomcat.TomcatWebServer - Tomcat initialized with port 8080 (http)
2026-08-01 07:54:17 [main] INFO  o.a.coyote.http11.Http11NioProtocol - Initializing ProtocolHandler ["http-nio-8080"]
2026-08-01 07:54:17 [main] INFO  o.a.catalina.core.StandardService - Starting service [Tomcat]
2026-08-01 07:54:17 [main] INFO  o.a.catalina.core.StandardEngine - Starting Servlet engine: [Apache Tomcat/10.1.46]
2026-08-01 07:54:17 [main] INFO  o.a.c.c.C.[Tomcat].[localhost].[/] - Initializing Spring embedded WebApplicationContext
2026-08-01 07:54:17 [main] INFO  o.s.b.w.s.c.ServletWebServerApplicationContext - Root WebApplicationContext: initialization completed in 4214 ms
2026-08-01 07:54:18 [main] INFO  o.h.jpa.internal.util.LogHelper - HHH000204: Processing PersistenceUnitInfo [name: default]
2026-08-01 07:54:18 [main] INFO  org.hibernate.Version - HHH000412: Hibernate ORM core version 6.6.29.Final
2026-08-01 07:54:18 [main] INFO  o.h.c.i.RegionFactoryInitiator - HHH000026: Second-level cache disabled
2026-08-01 07:54:19 [main] INFO  o.s.o.j.p.SpringPersistenceUnitInfo - No LoadTimeWeaver setup: ignoring JPA class transformer
2026-08-01 07:54:19 [main] INFO  com.zaxxer.hikari.HikariDataSource - HikariPool-1 - Starting...
2026-08-01 07:54:20 [main] INFO  com.zaxxer.hikari.pool.HikariPool - HikariPool-1 - Added connection org.postgresql.jdbc.PgConnection@50b38342
2026-08-01 07:54:20 [main] INFO  com.zaxxer.hikari.HikariDataSource - HikariPool-1 - Start completed.
2026-08-01 07:54:20 [main] INFO  o.hibernate.orm.connections.pooling - HHH10001005: Database info:
	Database JDBC URL [Connecting through datasource 'HikariDataSource (HikariPool-1)']
	Database driver: undefined/unknown
	Database version: 18.4
	Autocommit mode: undefined/unknown
	Isolation level: undefined/unknown
	Minimum pool size: undefined/unknown
	Maximum pool size: undefined/unknown
2026-08-01 07:54:22 [main] INFO  o.h.e.t.j.p.i.JtaPlatformInitiator - HHH000489: No JTA platform available (set 'hibernate.transaction.jta.platform' to enable JTA platform integration)
2026-08-01 07:54:23 [main] INFO  o.s.o.j.LocalContainerEntityManagerFactoryBean - Initialized JPA EntityManagerFactory for persistence unit 'default'
2026-08-01 07:54:24 [main] DEBUG c.b.b.Security.JwtFilter - Filter 'jwtFilter' configured for use
2026-08-01 07:54:24 [main] INFO  o.s.d.j.r.query.QueryEnhancerFactory - Hibernate is in classpath; If applicable, HQL parser will be used.
2026-08-01 07:54:26 [main] WARN  o.s.b.a.o.j.JpaBaseConfiguration$JpaWebConfiguration - spring.jpa.open-in-view is enabled by default. Therefore, database queries may be performed during view rendering. Explicitly configure spring.jpa.open-in-view to disable this warning
2026-08-01 07:54:26 [main] INFO  o.s.b.a.e.web.EndpointLinksResolver - Exposing 2 endpoints beneath base path '/actuator'
2026-08-01 07:54:27 [main] INFO  o.a.coyote.http11.Http11NioProtocol - Starting ProtocolHandler ["http-nio-8080"]
2026-08-01 07:54:27 [main] INFO  o.s.b.w.e.tomcat.TomcatWebServer - Tomcat started on port 8080 (http) with context path '/'
2026-08-01 07:54:27 [main] INFO  c.b.b.BakendProyectoApplication - Started BakendProyectoApplication in 15.805 seconds (process running for 16.678)
2026-08-01 07:55:05 [http-nio-8080-exec-1] INFO  o.a.c.c.C.[Tomcat].[localhost].[/] - Initializing Spring DispatcherServlet 'dispatcherServlet'
2026-08-01 07:55:05 [http-nio-8080-exec-1] INFO  o.s.web.servlet.DispatcherServlet - Initializing Servlet 'dispatcherServlet'
2026-08-01 07:55:05 [http-nio-8080-exec-1] INFO  o.s.web.servlet.DispatcherServlet - Completed initialization in 10 ms
2026-08-01 07:55:06 [http-nio-8080-exec-2] DEBUG c.b.b.Controllers.AdminController - Cargando dashboard de administrador
2026-08-01 07:55:06 [http-nio-8080-exec-6] DEBUG c.b.b.Controllers.AdminController - Cargando dashboard de administrador
2026-08-01 07:55:14 [http-nio-8080-exec-1] DEBUG c.b.b.Controllers.AdminController - Consultando ventas para: 2026-08-01
2026-08-01 07:55:14 [http-nio-8080-exec-3] DEBUG c.b.b.Controllers.AdminController - Consultando ventas para: 2026-08-01
2026-08-01 07:55:51 [http-nio-8080-exec-10] INFO  c.b.b.Controllers.MesaController - Actualizando mesa ID: 2
2026-08-01 07:56:06 [http-nio-8080-exec-8] INFO  c.b.b.Controllers.MesaController - Actualizando mesa ID: 3
2026-08-01 07:56:24 [http-nio-8080-exec-1] INFO  c.b.b.Controllers.PedidoController - Creando pedido para fecha 2026-08-01 total 130000.0
2026-08-01 07:56:25 [http-nio-8080-exec-2] INFO  c.b.b.Controllers.MesaController - Actualizando mesa ID: 3
2026-08-01 07:56:36 [http-nio-8080-exec-10] DEBUG c.b.b.Controllers.AdminController - Cargando dashboard de administrador
2026-08-01 07:56:36 [http-nio-8080-exec-1] DEBUG c.b.b.Controllers.AdminController - Cargando dashboard de administrador
2026-08-01 07:56:44 [http-nio-8080-exec-10] DEBUG c.b.b.Controllers.AdminController - Cargando dashboard de administrador
2026-08-01 07:56:44 [http-nio-8080-exec-1] DEBUG c.b.b.Controllers.AdminController - Cargando dashboard de administrador
2026-08-01 07:57:18 [http-nio-8080-exec-2] DEBUG c.b.b.Controllers.AuthController - Intento de login para: Lara@gmail.com
2026-08-01 07:57:18 [http-nio-8080-exec-2] WARN  c.b.b.Controllers.AuthController - Login fallido para: Lara@gmail.com
2026-08-01 07:57:22 [http-nio-8080-exec-6] DEBUG c.b.b.Controllers.AuthController - Intento de login para: Lara@gmail.com
2026-08-01 07:57:22 [http-nio-8080-exec-6] WARN  c.b.b.Controllers.AuthController - Login fallido para: Lara@gmail.com
2026-08-01 07:57:38 [http-nio-8080-exec-4] WARN  c.b.b.Config.GlobalExceptionHandler - Error de validación: Validation failed for argument [0] in public org.springframework.http.ResponseEntity<?> com.bakend.bakendProyecto.Controllers.AuthController.registro(com.bakend.bakendProyecto.DTO.RegistroRequest): [Field error in object 'registroRequest' on field 'password': rejected value [12345]; codes [Size.registroRequest.password,Size.password,Size.java.lang.String,Size]; arguments [org.springframework.context.support.DefaultMessageSourceResolvable: codes [registroRequest.password,password]; arguments []; default message [password],2147483647,6]; default message [La contraseña debe tener al menos 6 caracteres]] 
2026-08-01 07:57:49 [http-nio-8080-exec-7] WARN  c.b.b.Config.GlobalExceptionHandler - Error de validación: Validation failed for argument [0] in public org.springframework.http.ResponseEntity<?> com.bakend.bakendProyecto.Controllers.AuthController.registro(com.bakend.bakendProyecto.DTO.RegistroRequest): [Field error in object 'registroRequest' on field 'password': rejected value [12345]; codes [Size.registroRequest.password,Size.password,Size.java.lang.String,Size]; arguments [org.springframework.context.support.DefaultMessageSourceResolvable: codes [registroRequest.password,password]; arguments []; default message [password],2147483647,6]; default message [La contraseña debe tener al menos 6 caracteres]] 
